// Jest Snapshot v1, https://goo.gl/fbAQLP

exports[`clear mouse action step callback the down step should not alter the canvas 1`] = `"data:image/png;base64,iVBORw0KGgoAAAANSUhEUgAAASwAAAEsCAYAAAB5fY51AAAABmJLR0QA/wD/AP+gvaeTAAABdElEQVR4nO3BMQEAAADCoPVPbQwfoAAAAAAAAAAAAAAAAAAAAAAAAAAAAAAAAAAAAAAAAAAAAAAAAAAAAAAAAAAAAAAAAAAAAAAAAAAAAAAAAAAAAAAAAAAAAAAAAAAAAAAAAAAAAAAAAAAAAAAAAAAAAAAAAAAAAAAAAAAAAAAAAAAAAAAAAAAAAAAAAAAAAAAAAAAAAAAAAAAAAAAAAAAAAAAAAAAAAAAAAAAAAAAAAAAAAAAAAAAAAAAAAAAAAAAAAAAAAAAAAAAAAAAAAAAAAAAAAAAAAAAAAAAAAAAAAAAAAAAAAAAAAAAAAAAAAAAAAAAAAAAAAAAAAAAAAAAAAAAAAAAAAAAAAAAAAAAAAAAAAAAAAAAAAAAAAAAAAAAAAAAAAAAAAAAAAAAAAAAAAAAAAAAAAAAAAAAAAAAAAAAAAAAAAAAAAAAAAAAAAAAAAAAAAAAAAAAAAAAAAAAAAAAAAAAAAAAAAAAAAAAAAAD+Bn+3AAEkkD9cAAAAAElFTkSuQmCC"`;

exports[`clear mouse action step callback the up step should result in an empty canvas when tool config is empty 1`] = `"data:image/png;base64,iVBORw0KGgoAAAANSUhEUgAAASwAAAEsCAYAAAB5fY51AAAABmJLR0QA/wD/AP+gvaeTAAABdElEQVR4nO3BMQEAAADCoPVPbQwfoAAAAAAAAAAAAAAAAAAAAAAAAAAAAAAAAAAAAAAAAAAAAAAAAAAAAAAAAAAAAAAAAAAAAAAAAAAAAAAAAAAAAAAAAAAAAAAAAAAAAAAAAAAAAAAAAAAAAAAAAAAAAAAAAAAAAAAAAAAAAAAAAAAAAAAAAAAAAAAAAAAAAAAAAAAAAAAAAAAAAAAAAAAAAAAAAAAAAAAAAAAAAAAAAAAAAAAAAAAAAAAAAAAAAAAAAAAAAAAAAAAAAAAAAAAAAAAAAAAAAAAAAAAAAAAAAAAAAAAAAAAAAAAAAAAAAAAAAAAAAAAAAAAAAAAAAAAAAAAAAAAAAAAAAAAAAAAAAAAAAAAAAAAAAAAAAAAAAAAAAAAAAAAAAAAAAAAAAAAAAAAAAAAAAAAAAAAAAAAAAAAAAAAAAAAAAAAAAAAAAAAAAAAAAAAAAAAAAAAAAAAAAAAAAAAAAAAAAAAAAAAAAAD+Bn+3AAEkkD9cAAAAAElFTkSuQmCC"`;

exports[`clear mouse action step callback the up step should result in canvas with solid fill according to config 1`] = `"data:image/png;base64,iVBORw0KGgoAAAANSUhEUgAAASwAAAEsCAYAAAB5fY51AAAABmJLR0QA/wD/AP+gvaeTAAAD8ElEQVR4nO3UQQ0AIRDAwOMsrX9tYIEfaTKjoK+umdkfQMD/OgDglmEBGYYFZBgWkGFYQIZhARmGBWQYFpBhWECGYQEZhgVkGBaQYVhAhmEBGYYFZBgWkGFYQIZhARmGBWQYFpBhWECGYQEZhgVkGBaQYVhAhmEBGYYFZBgWkGFYQIZhARmGBWQYFpBhWECGYQEZhgVkGBaQYVhAhmEBGYYFZBgWkGFYQIZhARmGBWQYFpBhWECGYQEZhgVkGBaQYVhAhmEBGYYFZBgWkGFYQIZhARmGBWQYFpBhWECGYQEZhgVkGBaQYVhAhmEBGYYFZBgWkGFYQIZhARmGBWQYFpBhWECGYQEZhgVkGBaQYVhAhmEBGYYFZBgWkGFYQIZhARmGBWQYFpBhWECGYQEZhgVkGBaQYVhAhmEBGYYFZBgWkGFYQIZhARmGBWQYFpBhWECGYQEZhgVkGBaQYVhAhmEBGYYFZBgWkGFYQIZhARmGBWQYFpBhWECGYQEZhgVkGBaQYVhAhmEBGYYFZBgWkGFYQIZhARmGBWQYFpBhWECGYQEZhgVkGBaQYVhAhmEBGYYFZBgWkGFYQIZhARmGBWQYFpBhWECGYQEZhgVkGBaQYVhAhmEBGYYFZBgWkGFYQIZhARmGBWQYFpBhWECGYQEZhgVkGBaQYVhAhmEBGYYFZBgWkGFYQIZhARmGBWQYFpBhWECGYQEZhgVkGBaQYVhAhmEBGYYFZBgWkGFYQIZhARmGBWQYFpBhWECGYQEZhgVkGBaQYVhAhmEBGYYFZBgWkGFYQIZhARmGBWQYFpBhWECGYQEZhgVkGBaQYVhAhmEBGYYFZBgWkGFYQIZhARmGBWQYFpBhWECGYQEZhgVkGBaQYVhAhmEBGYYFZBgWkGFYQIZhARmGBWQYFpBhWECGYQEZhgVkGBaQYVhAhmEBGYYFZBgWkGFYQIZhARmGBWQYFpBhWECGYQEZhgVkGBaQYVhAhmEBGYYFZBgWkGFYQIZhARmGBWQYFpBhWECGYQEZhgVkGBaQYVhAhmEBGYYFZBgWkGFYQIZhARmGBWQYFpBhWECGYQEZhgVkGBaQYVhAhmEBGYYFZBgWkGFYQIZhARmGBWQYFpBhWECGYQEZhgVkGBaQYVhAhmEBGYYFZBgWkGFYQIZhARmGBWQYFpBhWECGYQEZhgVkGBaQYVhAhmEBGYYFZBgWkGFYQIZhARmGBWQYFpBhWECGYQEZhgVkGBaQYVhAhmEBGYYFZBgWkGFYQIZhARmGBWQYFpBhWECGYQEZhgVkGBaQYVhAhmEBGYYFZBgWkGFYQIZhARmGBWQYFpBhWECGYQEZhgVkHMVUA/BiZChoAAAAAElFTkSuQmCC"`;
