// Jest Snapshot v1, https://goo.gl/fbAQLP

exports[`line mouse action step callback the down step should not alter the canvas 1`] = `"data:image/png;base64,iVBORw0KGgoAAAANSUhEUgAAASwAAAEsCAYAAAB5fY51AAAABmJLR0QA/wD/AP+gvaeTAAABdElEQVR4nO3BMQEAAADCoPVPbQwfoAAAAAAAAAAAAAAAAAAAAAAAAAAAAAAAAAAAAAAAAAAAAAAAAAAAAAAAAAAAAAAAAAAAAAAAAAAAAAAAAAAAAAAAAAAAAAAAAAAAAAAAAAAAAAAAAAAAAAAAAAAAAAAAAAAAAAAAAAAAAAAAAAAAAAAAAAAAAAAAAAAAAAAAAAAAAAAAAAAAAAAAAAAAAAAAAAAAAAAAAAAAAAAAAAAAAAAAAAAAAAAAAAAAAAAAAAAAAAAAAAAAAAAAAAAAAAAAAAAAAAAAAAAAAAAAAAAAAAAAAAAAAAAAAAAAAAAAAAAAAAAAAAAAAAAAAAAAAAAAAAAAAAAAAAAAAAAAAAAAAAAAAAAAAAAAAAAAAAAAAAAAAAAAAAAAAAAAAAAAAAAAAAAAAAAAAAAAAAAAAAAAAAAAAAAAAAAAAAAAAAAAAAAAAAAAAAAAAAAAAAAAAAAAAAAAAAAAAAAAAAAAAAD+Bn+3AAEkkD9cAAAAAElFTkSuQmCC"`;

exports[`line mouse action step callback the move step should alter the canvas accordingly 1`] = `"data:image/png;base64,iVBORw0KGgoAAAANSUhEUgAAASwAAAEsCAYAAAB5fY51AAAABmJLR0QA/wD/AP+gvaeTAAAEtklEQVR4nO3aO67bRhSA4UM7uDtIIajyFiTc0jvwCrKDNIbj7CIxLgIjKbKOpHaXKpYW4AVIe0gRpvDNw/F9UOQMZ4b8PkCNcAic6sdwwAgAAAAAAAAAAAAAAAAAAAAAAAAAAAAAAAAAAAAAAAAAAAAAAAAAAAAAAAAAAAAAAAAAAAAAiulKLwDksdvtXnRd9zoirm//+r3v+5vj8fhryb2meFp6ASC5br/ff9913Y8R8Swirm5/z7qu+2q73V6dTqd3ZVccR7BgWbr9fv9DRHzzwMzzzWZzOJ/PH+ZaKpUnpRcAkvk7Vi8fHfz4qtgcwYJlGByrW9ePj9RHsKB9l8YqIuLPXMvkJFjQtjGxiog45FgmN8GCdo2NVfR9f5Nhn+wEC9o0OlYR8abVb7F8OArtmXKy+vl4PH4dEX36tfITLGjLamMVIVjQklXHKkKwoBWrj1WEYEELxOqWYEHdxOo/BAvqJVb/I1hQJ7G6g2BBfcTqHoIFdRGrBwgW1EOsHiFYUAexGkCwoDyxGkiwoCyxuoBgQTlidSHBgjLEagTBgvmJ1UiCBfMSqwkEC+YjVhMJFsxDrBIQLMhPrBIRLMhLrBISLMhHrBITLMhDrDIQLEhPrDIRLEhLrDISLEhHrDITLEhDrGYgWDCdWM1EsGAasZqRYMF4YjUzwYJxxKoAwYLLiVUhggWXEauCBAuGE6vCBAuGEasKCBY8TqwqIVjwMLGqiGDB/cSqMoIFdxOrCgkWfE6sKiVY8Cmxqphgwb/EqnKCBR+JVQMEC8SqGYLF2olVQwSLNROrxggWayVWDRIs1kisGiVYrI1YNUywWBOxapxgsRZitQCCxRqI1UIIFksnVgsiWCyZWC2MYLFUYrVAgsUSidVCCRZLI1YLJlgsiVgtnGCxFGK1AoLFEojVSggWrROrFREsWiZWKyNYtEqsVkiwaJFYrZRg0RqxWjHBoiVitXKCRSvECsGiCWJFRAgW9RMr/iFY1Eys+IRgUSux4jOCRY3EijsJFrURK+4lWNRErHiQYFELseJRgkUNxIpBBIvSxIrBBIuSxIqLCBaliBUXEyxKECtGESzmJlaMJljMSayYRLCYi1gxmWAxB7EiCcEiN7EiGcEiJ7EiKcEiF7EiOcEiB7EiC8EiNbEiG8EiJbEiK8EiFbEiuyelF2AZ9vv9dzEiVhHxVqwYygmLyXa73Yuu634Z8ejbw+HwKsSKgZywmKzrutcjHhMrLvZF6QVYhOtLhm/vrMSKizlhkcLg8LhgZwrBIoX3A+dcsDOJYDFZ3/c3A8bcWTHZ09IL0L7z+fxhu91eRcTze0beHA6Hb0OsmEiwSOJ0Or3bbDaHrus2EfFlRPwREb/1ff/yeDz+VHg9AAAAAAAAAAAAAAAAAAAAAAAAAAAAAAAAAAAAAAAAAAAAAAAAAAAAAAAAAAAAAAAAAAAAAAAAAAAAAAAAAAAAAAAAAAAAAAAAAAAAAAAAAAAAAAAAAAAAAAAAAAAAAAAAAAAAAAAAAAAAAAAAAAAAAAAAAAAAAAAAAAAAAAAAAAAAAAAAAAAAAAAAAAAAAAAAAAAAAAAAAAAAAAAAAAAAAAAAAAAAAAAAgPb9BfalqQP2+7IoAAAAAElFTkSuQmCC"`;

exports[`line mouse action step callback the up step should alter the canvas accordingly 1`] = `"data:image/png;base64,iVBORw0KGgoAAAANSUhEUgAAASwAAAEsCAYAAAB5fY51AAAABmJLR0QA/wD/AP+gvaeTAAAEr0lEQVR4nO3aP64bVRTA4XMT9HZAYbnKFmy9MjvICtgBTRTCLiB6QhEUrAPqdFTEXkAWYO+BgqHIiwjh/bHHHs+9536f5MY6I53qpztXEwEAAAAAAAAAAAAAAAAAAAAAAAAAAAAAAAAAAAAAAAAAAAAAAAAAAAAAAAAAAAAAAAAAAAAAAAAAAAAAAAAAAAAAAAAAAAAAAAAAAAAAAAAAAAAAAAAAAAAAAAAAAAAAAAAAAAAAAAAAAAAAAAAAAAAAAAAAAAAAAAAAAAAAAAAAAAAAAAAAAAAAAAAAAAAAAAAAAAAAAAAAAAAAAAAAAAAAAAAAAAAAAAAdK3MvQB6r1epFKeV1RFzf/vXnMAw32+329zn3Io+ncy9ACmW9Xv9YSvk5Ip5FxNXt71kp5Zvlcnm12+3ezbsiGQgWpyrr9fqniPjugZnni8Vis9/vP1xqKXJ6MvcCNO1TrF4+OvjxVRFOIliMdXCsbl0/PgIPEyzGODZWERF/T7UM/RAsjjUmVhERmymWoS+CxTHGxiqGYbiZYB86I1gcanSsIuKNb7E4Bx+OcohTTla/brfbbyNiOP9a9EaweIxYUQ3B4iFiRVUEi/uIFdURLO4iVlRJsPiSWFEtweJzYkXVBItPxIrqCRYRYkUjBAuxohmC1TexoimC1S+xojmC1SexokmC1R+xolmC1RexommC1Q+xonmC1QexIgXByk+sSEOwchMrUhGsvMSKdAQrJ7EiJcHKR6xIS7ByEStSE6w8xIr0BCsHsaILgtU+saIbgtU2saIrgtUusaI7gtUmsaJLgtUesaJbgtUWsaJrgtUOsaJ7gtUGsYIQrBaIFdwSrLqJFXxGsOolVvAFwaqTWMEdBKs+YgX3EKy6iBU8QLDqIVbwCMGqg1jBAQRrfmIFBxKseYkVHEGw5iNWcCTBmodYwQiCdXliBSMJ1mWJFZxAsC5HrOBEgnUZYgVnIFjTEys4E8GalljBGQnWdMQKzkywpiFWMAHBOj+xgokI1nmJFUxIsM5HrGBignUeYgUXIFinEyu4EME6jVjBBQnWeGIFFyZY44gVzECwjidWMBPBOo5YwYwE63BiBTMTrMOIFVRAsB4nVlAJwXqYWEFFBOt+YgWVEay7iRVUSLD+T6ygUoL1X2IFFROsf4kVVE6wPhIraIBgiRU0o/dgiRU0pOdgiRU0ptdgiRU0qMdgiRU0qrdgiRU0rKdgiRU0rpdgiRUk0EOwxAqSyB4ssYJEMgdLrCCZrMESK0goY7DECpLKFiyxgsQyBUusILkswRIr6ECGYIkVdKL1YIkVdKTlYIkVdObJ3AuMtV6vf4gRsYqIt2IFbWryhLVarV6UUn4b8ejbzWbzKsQKmtTkCauU8nrEY2IFjftq7gVGuj5m+PbOSqygcU2esOKI8LhghzxaDdb7A+dcsEMiTQZrGIabA8bcWUEyT+deYIz9fv9huVxeRcTze0bebDab70OsIJUmgxURsdvt3i0Wi00pZRERX0fEXxHxxzAML7fb7S8zrwcAAAAAAAAAAAAAAAAAAAAAAAAAAAAAAAAAAAAAAAAAAAAAAAAAAAAAAAAAAAAAAAAAAAAAkMs/tdCpA/PuVfEAAAAASUVORK5CYII="`;
