// Jest Snapshot v1, https://goo.gl/fbAQLP

exports[`drawLine should accurately draw on canvas should match the same triangle snapshot 1`] = `"data:image/png;base64,iVBORw0KGgoAAAANSUhEUgAAASwAAAEsCAYAAAB5fY51AAAABmJLR0QA/wD/AP+gvaeTAAAGq0lEQVR4nO3aPXJdRRAG0EYkFBkEsAsWAAtgCSJhMY4ICMmJYQ+kZgGUvQYSlyBwbBFIwrbsp/fuvfPXM+dUKaEc3Krp/r62TAQAAAAAAAAAAAAAAAAAAAAAAAAAAAAAAAAAAAAAAAAAAAAAAAAAAAAAAAAAAAAAAAAAAAAAMIVnEXETEW/uf27u/xvAUJ5HxO2Jn+cdvwvgPc/idFg9/Li0gO6uIuJ1nA+s1/d/FqCb6zgfVg8/152+ESCuIuKvuDywXoYrC+hky3XlygK6uYqIF7E9sF6EKwtobM915coCmtv6uyu/ywK6OXJdubKAZo5eV64soJkS15UrC6iu1HXlygKqK3ldubKAakpfV64soJot19XL2BZuriygmK3X1XVsDzhXFlDEnvDZE3IAhxwJHlcW0NSR0HFlAc2UCBxXFtBEibBxZQHVlQwaVxZQVcmQcWUB1dQIGFcWUEWNcHFlAcXVDBZXFlBUzVBxZQHFtAgUVxZQRIswcWUBh7UMElcWcEjLEHFlAbv1CBBXFrBLj/BwZQGb9QwOVxawSc/QcGUBFxshMFxZwEVGCIsRQhMY3EhBMUJwAgMbKSRGCk9gMCMGxEgBCgxkxHAYMUSBzkYOhhGDFOho5FAYOUyBxjIEwsiBCjSUIQwyhCpQWaYgyBCsQEWZQiBTuAKFZQyATAELFJRx+TOGLHBQ5sXPGLTAAZmXPnPYAhvNsPCZAxfYYIZlnyF0gTNmWvQZghd4wkxLPlP4Ao/MuOAzBTDwjhmXe8YQhuXNvNgzBjEsbealnjmMYTkrLPTMgQxLWWGZVwhlmN5Ki7xCMMPUVlrilcIZprPiAq8U0DCVFZd3xZCG9FZe3BWDGlJbeWlXDmtIx8KuHdiQimUV2pCCRX1LcMPgLOlbwhsGZkE/JMBhUJbzQ0IcBmQxTxPkMBhLeZowh4FYyPMEOgzCMp4n1GEAFvFygh06s4SXE+7QkQXcTsBDJ5ZvOyEPHVi8/QQ9NGbp9hP20JCFO07gQyOW7TihDw1YtHIEP1RmycoR/lCRBStPAUAllqs8JQAVWKx6FAEUZqnqUQZQkIWqTyFAIZapPqUABVikdhQDHGSJ2lEOcIAFak9BwE6Wpz0lATtYnH4UBWxkafpRFrCBhelPYcCFLEt/SgMuYFHGoTjgDEsyDuUBT7Ag41EgcILlGI8SgY+wGONSJPCIpRiXMoF3WIjxKRS4ZxnGp1QgLEImioXlWYI8lAtLswD5KBiWZfjzUTIsyeDnpWhYjqHPS9mwFAOfn8JhGYY9P6XDEgz6PBQP0zPk81A+TM2Az0cBMS3DPR8lxJQM9rwUEdMx1PNSRkzFQM9PITENwzw/pcQUDPI6FBPpGeJ1KCdSM8DrUVCkZXjXo6RIyeCuS1GRjqFdl7IiFQOLwiINw4rSIgWDygPFxfAMKQ+UF0MzoDymwBiW4eQxJcaQDCanKDKGYyg5RZkxFAPJOQqNYRhGzlFqDMEgcinFRneGkEspN7oygGyl4OjG8LGVkqMLg8deio7mDB17KTuaMnAcpfBoxrBxlNKjCYNGKYqP6gwZpSg/qjJglKYAqcZwUZoSpAqDRS2KkOIMFbUoQ4oyUNSmECnGMFGbUqQIg0QripHDDBGtKEcOMUC0piDZzfDQmpJkF4NDL4qSzQwNvShLNjEw9KYwuZhhoTelyUUMCqNQnJxlSBiF8uRJBoTRKFBOMhyMRonyUQaDUSlSPmAoGJUy5T0GgtEpVP5nGBidUiUiDAJ5KFYMAWko18UZALJRsAvz+GSjZBfl4clK0S7Io5OVsl2MByc7hbsQj012SncRHppZKN4FeGRmoXwn54GZjQKemMdlNkp4Uh6WWSniCXlUZqWMJ+NBmZ1CnojHZHZKeRIeklUo5gl4RFahnJPzgKxGQSfm8ViNkk7Kw7EqRZ2QR2NVyjoZD8bqFHYiHovVKe0kPBTcWaa4P+n9AQdcR8RvvT8CEvohIn7v/RF7ZA2sq4j4OyK+6v0hkNCriPg6It70/pCtPu39ATv9FBHf9/4ISOrziPgsIv7o/SFbZb2wbiLii94fAYn9ExFf9v6IrbIG1pvI++0wgttI+Mv3dB8MrCtrYP3b+wMguZQ7lDWwfun9AZBcyh3K/Hug5xHxbe+PgIT+jIjven/EHln/t4aIiF/j7kL8Ju7+iTZz+EJtt3H318CfI+LHzt8CAAAAAAAAAAAAAAAAAAAAAAAAAAAAAAAAAAAAAAAAAAAAAAAAAAAAAAAAAAAAAAAAAAAAQEb/AfFq9oXssdzyAAAAAElFTkSuQmCC"`;
