// Jest Snapshot v1, https://goo.gl/fbAQLP

exports[`pen mouse action step callback the down step should not alter the canvas 1`] = `"data:image/png;base64,iVBORw0KGgoAAAANSUhEUgAAASwAAAEsCAYAAAB5fY51AAAABmJLR0QA/wD/AP+gvaeTAAABdElEQVR4nO3BMQEAAADCoPVPbQwfoAAAAAAAAAAAAAAAAAAAAAAAAAAAAAAAAAAAAAAAAAAAAAAAAAAAAAAAAAAAAAAAAAAAAAAAAAAAAAAAAAAAAAAAAAAAAAAAAAAAAAAAAAAAAAAAAAAAAAAAAAAAAAAAAAAAAAAAAAAAAAAAAAAAAAAAAAAAAAAAAAAAAAAAAAAAAAAAAAAAAAAAAAAAAAAAAAAAAAAAAAAAAAAAAAAAAAAAAAAAAAAAAAAAAAAAAAAAAAAAAAAAAAAAAAAAAAAAAAAAAAAAAAAAAAAAAAAAAAAAAAAAAAAAAAAAAAAAAAAAAAAAAAAAAAAAAAAAAAAAAAAAAAAAAAAAAAAAAAAAAAAAAAAAAAAAAAAAAAAAAAAAAAAAAAAAAAAAAAAAAAAAAAAAAAAAAAAAAAAAAAAAAAAAAAAAAAAAAAAAAAAAAAAAAAAAAAAAAAAAAAAAAAAAAAAAAAAAAAAAAAAAAAD+Bn+3AAEkkD9cAAAAAElFTkSuQmCC"`;

exports[`pen mouse action step callback the move step should alter the canvas accordingly 1`] = `"data:image/png;base64,iVBORw0KGgoAAAANSUhEUgAAASwAAAEsCAYAAAB5fY51AAAABmJLR0QA/wD/AP+gvaeTAAAEtklEQVR4nO3aO67bRhSA4UM7uDtIIajyFiTc0jvwCrKDNIbj7CIxLgIjKbKOpHaXKpYW4AVIe0gRpvDNw/F9UOQMZ4b8PkCNcAic6sdwwAgAAAAAAAAAAAAAAAAAAAAAAAAAAAAAAAAAAAAAAAAAAAAAAAAAAAAAAAAAAAAAAAAAAAAAiulKLwDksdvtXnRd9zoirm//+r3v+5vj8fhryb2meFp6ASC5br/ff9913Y8R8Swirm5/z7qu+2q73V6dTqd3ZVccR7BgWbr9fv9DRHzzwMzzzWZzOJ/PH+ZaKpUnpRcAkvk7Vi8fHfz4qtgcwYJlGByrW9ePj9RHsKB9l8YqIuLPXMvkJFjQtjGxiog45FgmN8GCdo2NVfR9f5Nhn+wEC9o0OlYR8abVb7F8OArtmXKy+vl4PH4dEX36tfITLGjLamMVIVjQklXHKkKwoBWrj1WEYEELxOqWYEHdxOo/BAvqJVb/I1hQJ7G6g2BBfcTqHoIFdRGrBwgW1EOsHiFYUAexGkCwoDyxGkiwoCyxuoBgQTlidSHBgjLEagTBgvmJ1UiCBfMSqwkEC+YjVhMJFsxDrBIQLMhPrBIRLMhLrBISLMhHrBITLMhDrDIQLEhPrDIRLEhLrDISLEhHrDITLEhDrGYgWDCdWM1EsGAasZqRYMF4YjUzwYJxxKoAwYLLiVUhggWXEauCBAuGE6vCBAuGEasKCBY8TqwqIVjwMLGqiGDB/cSqMoIFdxOrCgkWfE6sKiVY8Cmxqphgwb/EqnKCBR+JVQMEC8SqGYLF2olVQwSLNROrxggWayVWDRIs1kisGiVYrI1YNUywWBOxapxgsRZitQCCxRqI1UIIFksnVgsiWCyZWC2MYLFUYrVAgsUSidVCCRZLI1YLJlgsiVgtnGCxFGK1AoLFEojVSggWrROrFREsWiZWKyNYtEqsVkiwaJFYrZRg0RqxWjHBoiVitXKCRSvECsGiCWJFRAgW9RMr/iFY1Eys+IRgUSux4jOCRY3EijsJFrURK+4lWNRErHiQYFELseJRgkUNxIpBBIvSxIrBBIuSxIqLCBaliBUXEyxKECtGESzmJlaMJljMSayYRLCYi1gxmWAxB7EiCcEiN7EiGcEiJ7EiKcEiF7EiOcEiB7EiC8EiNbEiG8EiJbEiK8EiFbEiuyelF2AZ9vv9dzEiVhHxVqwYygmLyXa73Yuu634Z8ejbw+HwKsSKgZywmKzrutcjHhMrLvZF6QVYhOtLhm/vrMSKizlhkcLg8LhgZwrBIoX3A+dcsDOJYDFZ3/c3A8bcWTHZ09IL0L7z+fxhu91eRcTze0beHA6Hb0OsmEiwSOJ0Or3bbDaHrus2EfFlRPwREb/1ff/yeDz+VHg9AAAAAAAAAAAAAAAAAAAAAAAAAAAAAAAAAAAAAAAAAAAAAAAAAAAAAAAAAAAAAAAAAAAAAAAAAAAAAAAAAAAAAAAAAAAAAAAAAAAAAAAAAAAAAAAAAAAAAAAAAAAAAAAAAAAAAAAAAAAAAAAAAAAAAAAAAAAAAAAAAAAAAAAAAAAAAAAAAAAAAAAAAAAAAAAAAAAAAAAAAAAAAAAAAAAAAAAAAAAAAAAAgPb9BfalqQP2+7IoAAAAAElFTkSuQmCC"`;

exports[`pen mouse action step callback the up step should alter the canvas accordingly 1`] = `"data:image/png;base64,iVBORw0KGgoAAAANSUhEUgAAASwAAAEsCAYAAAB5fY51AAAABmJLR0QA/wD/AP+gvaeTAAACTElEQVR4nO3avU3DQAAF4HcgZQOKyBUrRKFkA1iAISjYAUpa2ANqOipwBmAAZwcKjiYSDUJR/qxD3ye5sV/xqqez5QQAAAAAAAAAAAAAAAAAAAAAAAAAAAAAAAAAAAAAAAAAAAAAAAAAAAAAAAAAAAAAAAAAAAAAAAAAAAAAAAAAAAAAAAAAAAAAAAAAAAAAAAAAAAAAAAAAAAAAAAAAAAAAAAAAAAAAAAAAAAAAAAAAAAAAAAAAAAAAAAAAAAAAAAAAAAAAAAAAAAAAAAAAAAAAAAAAAAAAAAAAAAAAAAAAAAAAAAAAAAAAAAAAAAAAAAAAAAAAAAAAAAAAAAAAAAAAAAAAAAAAAAAAAAAAAAAAAAAAAAAAAAAAAAAAAAAAAAAAAAAAAAAAAAAAAAAAAAAAAAAAAAAAAAAAAAAAAAAAAAAAAAAAAAAAAAAAAAAAAAAAAAAAAAAAAAAAAAAAAGBEZewC25jNZhellJskZ6tbb7XW+8Vi8TxmL2A/jscusKn5fH6b5CHJaZLJ6jotpVx1XTcZhuFl1ILAzjV5wlqdrJ7+ytRaL5204H85GrvAJlavgVtngLY0OVj5+Wa1bQZoSKuDVdfIfO29BXBQrQ7W+xqZfu8tgINqcrBqrfe7yABtafK3huVy+dF13STJ+W/PSyl3fd8/HrgWsGdNDlaSDMPwMp1O+1LKNMlJks8kr7XWa2MFAAAAAAAAAAAAAAAAAAAAAAAAAAAAAAAAAAAAAAAAAAAAAAAAAAAAAAAAAAAAAAAAAAAAALBj32aZN80gXX80AAAAAElFTkSuQmCC"`;
