// Jest Snapshot v1, https://goo.gl/fbAQLP

exports[`canvas controller constructor should configure a non-square the canvas properly 1`] = `"data:image/png;base64,iVBORw0KGgoAAAANSUhEUgAAAiYAAAEsCAYAAAD3vXi9AAAABmJLR0QA/wD/AP+gvaeTAAAFPklEQVR4nO3WMQEAIAzAMMC/53GhgR6Jgp7dMzMLACDg/A4AAHiMCQCQYUwAgAxjAgBkGBMAIMOYAAAZxgQAyDAmAECGMQEAMowJAJBhTACADGMCAGQYEwAgw5gAABnGBADIMCYAQIYxAQAyjAkAkGFMAIAMYwIAZBgTACDDmAAAGcYEAMgwJgBAhjEBADKMCQCQYUwAgAxjAgBkGBMAIMOYAAAZxgQAyDAmAECGMQEAMowJAJBhTACADGMCAGQYEwAgw5gAABnGBADIMCYAQIYxAQAyjAkAkGFMAIAMYwIAZBgTACDDmAAAGcYEAMgwJgBAhjEBADKMCQCQYUwAgAxjAgBkGBMAIMOYAAAZxgQAyDAmAECGMQEAMowJAJBhTACADGMCAGQYEwAgw5gAABnGBADIMCYAQIYxAQAyjAkAkGFMAIAMYwIAZBgTACDDmAAAGcYEAMgwJgBAhjEBADKMCQCQYUwAgAxjAgBkGBMAIMOYAAAZxgQAyDAmAECGMQEAMowJAJBhTACADGMCAGQYEwAgw5gAABnGBADIMCYAQIYxAQAyjAkAkGFMAIAMYwIAZBgTACDDmAAAGcYEAMgwJgBAhjEBADKMCQCQYUwAgAxjAgBkGBMAIMOYAAAZxgQAyDAmAECGMQEAMowJAJBhTACADGMCAGQYEwAgw5gAABnGBADIMCYAQIYxAQAyjAkAkGFMAIAMYwIAZBgTACDDmAAAGcYEAMgwJgBAhjEBADKMCQCQYUwAgAxjAgBkGBMAIMOYAAAZxgQAyDAmAECGMQEAMowJAJBhTACADGMCAGQYEwAgw5gAABnGBADIMCYAQIYxAQAyjAkAkGFMAIAMYwIAZBgTACDDmAAAGcYEAMgwJgBAhjEBADKMCQCQYUwAgAxjAgBkGBMAIMOYAAAZxgQAyDAmAECGMQEAMowJAJBhTACADGMCAGQYEwAgw5gAABnGBADIMCYAQIYxAQAyjAkAkGFMAIAMYwIAZBgTACDDmAAAGcYEAMgwJgBAhjEBADKMCQCQYUwAgAxjAgBkGBMAIMOYAAAZxgQAyDAmAECGMQEAMowJAJBhTACADGMCAGQYEwAgw5gAABnGBADIMCYAQIYxAQAyjAkAkGFMAIAMYwIAZBgTACDDmAAAGcYEAMgwJgBAhjEBADKMCQCQYUwAgAxjAgBkGBMAIMOYAAAZxgQAyDAmAECGMQEAMowJAJBhTACADGMCAGQYEwAgw5gAABnGBADIMCYAQIYxAQAyjAkAkGFMAIAMYwIAZBgTACDDmAAAGcYEAMgwJgBAhjEBADKMCQCQYUwAgAxjAgBkGBMAIMOYAAAZxgQAyDAmAECGMQEAMowJAJBhTACADGMCAGQYEwAgw5gAABnGBADIMCYAQIYxAQAyjAkAkGFMAIAMYwIAZBgTACDDmAAAGcYEAMgwJgBAhjEBADKMCQCQYUwAgAxjAgBkGBMAIMOYAAAZxgQAyDAmAECGMQEAMowJAJBhTACADGMCAGQYEwAgw5gAABnGBADIMCYAQIYxAQAyjAkAkGFMAIAMYwIAZBgTACDDmAAAGcYEAMgwJgBAhjEBADKMCQCQYUwAgAxjAgBkGBMAIMOYAAAZxgQAyDAmAECGMQEAMowJAJBhTACADGMCAGQYEwAgw5gAABnGBADIMCYAQIYxAQAyjAkAkGFMAIAMYwIAZBgTACDDmAAAGcYEAMgwJgBAhjEBADKMCQCQYUwAgAxjAgBkGBMAIMOYAAAZxgQAyDAmAECGMQEAMowJAJBhTACAjAuVNgZUdIXmrQAAAABJRU5ErkJggg=="`;

exports[`canvas controller constructor should configure a square the canvas properly 1`] = `"data:image/png;base64,iVBORw0KGgoAAAANSUhEUgAAAV4AAAFeCAYAAADNK3caAAAABmJLR0QA/wD/AP+gvaeTAAAEu0lEQVR4nO3UMQEAIAzAMMC/5+GiHCQKenXPzCwAMud1AMBvjBcgZrwAMeMFiBkvQMx4AWLGCxAzXoCY8QLEjBcgZrwAMeMFiBkvQMx4AWLGCxAzXoCY8QLEjBcgZrwAMeMFiBkvQMx4AWLGCxAzXoCY8QLEjBcgZrwAMeMFiBkvQMx4AWLGCxAzXoCY8QLEjBcgZrwAMeMFiBkvQMx4AWLGCxAzXoCY8QLEjBcgZrwAMeMFiBkvQMx4AWLGCxAzXoCY8QLEjBcgZrwAMeMFiBkvQMx4AWLGCxAzXoCY8QLEjBcgZrwAMeMFiBkvQMx4AWLGCxAzXoCY8QLEjBcgZrwAMeMFiBkvQMx4AWLGCxAzXoCY8QLEjBcgZrwAMeMFiBkvQMx4AWLGCxAzXoCY8QLEjBcgZrwAMeMFiBkvQMx4AWLGCxAzXoCY8QLEjBcgZrwAMeMFiBkvQMx4AWLGCxAzXoCY8QLEjBcgZrwAMeMFiBkvQMx4AWLGCxAzXoCY8QLEjBcgZrwAMeMFiBkvQMx4AWLGCxAzXoCY8QLEjBcgZrwAMeMFiBkvQMx4AWLGCxAzXoCY8QLEjBcgZrwAMeMFiBkvQMx4AWLGCxAzXoCY8QLEjBcgZrwAMeMFiBkvQMx4AWLGCxAzXoCY8QLEjBcgZrwAMeMFiBkvQMx4AWLGCxAzXoCY8QLEjBcgZrwAMeMFiBkvQMx4AWLGCxAzXoCY8QLEjBcgZrwAMeMFiBkvQMx4AWLGCxAzXoCY8QLEjBcgZrwAMeMFiBkvQMx4AWLGCxAzXoCY8QLEjBcgZrwAMeMFiBkvQMx4AWLGCxAzXoCY8QLEjBcgZrwAMeMFiBkvQMx4AWLGCxAzXoCY8QLEjBcgZrwAMeMFiBkvQMx4AWLGCxAzXoCY8QLEjBcgZrwAMeMFiBkvQMx4AWLGCxAzXoCY8QLEjBcgZrwAMeMFiBkvQMx4AWLGCxAzXoCY8QLEjBcgZrwAMeMFiBkvQMx4AWLGCxAzXoCY8QLEjBcgZrwAMeMFiBkvQMx4AWLGCxAzXoCY8QLEjBcgZrwAMeMFiBkvQMx4AWLGCxAzXoCY8QLEjBcgZrwAMeMFiBkvQMx4AWLGCxAzXoCY8QLEjBcgZrwAMeMFiBkvQMx4AWLGCxAzXoCY8QLEjBcgZrwAMeMFiBkvQMx4AWLGCxAzXoCY8QLEjBcgZrwAMeMFiBkvQMx4AWLGCxAzXoCY8QLEjBcgZrwAMeMFiBkvQMx4AWLGCxAzXoCY8QLEjBcgZrwAMeMFiBkvQMx4AWLGCxAzXoCY8QLEjBcgZrwAMeMFiBkvQMx4AWLGCxAzXoCY8QLEjBcgZrwAMeMFiBkvQMx4AWLGCxAzXoCY8QLEjBcgZrwAMeMFiBkvQMx4AWLGCxAzXoCY8QLEjBcgZrwAMeMFiBkvQMx4AWLGCxAzXoCY8QLEjBcgZrwAMeMFiBkvQMx4AWLGCxAzXoCY8QLEjBcgZrwAMeMFiBkvQMx4AWLGCxAzXoCY8QLEjBcgZrwAMeMFiBkvQMx4AWLGCxAzXoCY8QLEjBcgZrwAMeMFiBkvQMx4AWLGCxAzXoCY8QLEjBcgZrwAMeMFiBkvQOwCVVAGuJV4MxQAAAAASUVORK5CYII="`;

exports[`canvas controller instance manipulating background setting a color should fill the canvas with that color and redraw existing content on top 1`] = `"data:image/png;base64,iVBORw0KGgoAAAANSUhEUgAAASwAAAEsCAYAAAB5fY51AAAABmJLR0QA/wD/AP+gvaeTAAAD8klEQVR4nO3UQQ3AIADAwDFLeMITapmF/UiTOwV9dcy1zwMQ8N4OAPjLsIAMwwIyDAvIMCwgw7CADMMCMgwLyDAsIMOwgAzDAjIMC8gwLCDDsIAMwwIyDAvIMCwgw7CADMMCMgwLyDAsIMOwgAzDAjIMC8gwLCDDsIAMwwIyDAvIMCwgw7CADMMCMgwLyDAsIMOwgAzDAjIMC8gwLCDDsIAMwwIyDAvIMCwgw7CADMMCMgwLyDAsIMOwgAzDAjIMC8gwLCDDsIAMwwIyDAvIMCwgw7CADMMCMgwLyDAsIMOwgAzDAjIMC8gwLCDDsIAMwwIyDAvIMCwgw7CADMMCMgwLyDAsIMOwgAzDAjIMC8gwLCDDsIAMwwIyDAvIMCwgw7CADMMCMgwLyDAsIMOwgAzDAjIMC8gwLCDDsIAMwwIyDAvIMCwgw7CADMMCMgwLyDAsIMOwgAzDAjIMC8gwLCDDsIAMwwIyDAvIMCwgw7CADMMCMgwLyDAsIMOwgAzDAjIMC8gwLCDDsIAMwwIyDAvIMCwgw7CADMMCMgwLyDAsIMOwgAzDAjIMC8gwLCDDsIAMwwIyDAvIMCwgw7CADMMCMgwLyDAsIMOwgAzDAjIMC8gwLCDDsIAMwwIyDAvIMCwgw7CADMMCMgwLyDAsIMOwgAzDAjIMC8gwLCDDsIAMwwIyDAvIMCwgw7CADMMCMgwLyDAsIMOwgAzDAjIMC8gwLCDDsIAMwwIyDAvIMCwgw7CADMMCMgwLyDAsIMOwgAzDAjIMC8gwLCDDsIAMwwIyDAvIMCwgw7CADMMCMgwLyDAsIMOwgAzDAjIMC8gwLCDDsIAMwwIyDAvIMCwgw7CADMMCMgwLyDAsIMOwgAzDAjIMC8gwLCDDsIAMwwIyDAvIMCwgw7CADMMCMgwLyDAsIMOwgAzDAjIMC8gwLCDDsIAMwwIyDAvIMCwgw7CADMMCMgwLyDAsIMOwgAzDAjIMC8gwLCDDsIAMwwIyDAvIMCwgw7CADMMCMgwLyDAsIMOwgAzDAjIMC8gwLCDDsIAMwwIyDAvIMCwgw7CADMMCMgwLyDAsIMOwgAzDAjIMC8gwLCDDsIAMwwIyDAvIMCwgw7CADMMCMgwLyDAsIMOwgAzDAjIMC8gwLCDDsIAMwwIyDAvIMCwgw7CADMMCMgwLyDAsIMOwgAzDAjIMC8gwLCDDsIAMwwIyDAvIMCwgw7CADMMCMgwLyDAsIMOwgAzDAjIMC8gwLCDDsIAMwwIyDAvIMCwgw7CADMMCMgwLyDAsIMOwgAzDAjIMC8gwLCDDsIAMwwIyDAvIMCwgw7CADMMCMgwLyDAsIMOwgAzDAjI+HJ4EiWjR4fwAAAAASUVORK5CYII="`;

exports[`canvas controller instance resetting the controller should clear history and the canvas 1`] = `"data:image/png;base64,iVBORw0KGgoAAAANSUhEUgAAASwAAAEsCAYAAAB5fY51AAAABmJLR0QA/wD/AP+gvaeTAAAD7klEQVR4nO3UQQ0AIBDAMMC/58MCP7KkVbDX9szMAgg4vwMAXhkWkGFYQIZhARmGBWQYFpBhWECGYQEZhgVkGBaQYVhAhmEBGYYFZBgWkGFYQIZhARmGBWQYFpBhWECGYQEZhgVkGBaQYVhAhmEBGYYFZBgWkGFYQIZhARmGBWQYFpBhWECGYQEZhgVkGBaQYVhAhmEBGYYFZBgWkGFYQIZhARmGBWQYFpBhWECGYQEZhgVkGBaQYVhAhmEBGYYFZBgWkGFYQIZhARmGBWQYFpBhWECGYQEZhgVkGBaQYVhAhmEBGYYFZBgWkGFYQIZhARmGBWQYFpBhWECGYQEZhgVkGBaQYVhAhmEBGYYFZBgWkGFYQIZhARmGBWQYFpBhWECGYQEZhgVkGBaQYVhAhmEBGYYFZBgWkGFYQIZhARmGBWQYFpBhWECGYQEZhgVkGBaQYVhAhmEBGYYFZBgWkGFYQIZhARmGBWQYFpBhWECGYQEZhgVkGBaQYVhAhmEBGYYFZBgWkGFYQIZhARmGBWQYFpBhWECGYQEZhgVkGBaQYVhAhmEBGYYFZBgWkGFYQIZhARmGBWQYFpBhWECGYQEZhgVkGBaQYVhAhmEBGYYFZBgWkGFYQIZhARmGBWQYFpBhWECGYQEZhgVkGBaQYVhAhmEBGYYFZBgWkGFYQIZhARmGBWQYFpBhWECGYQEZhgVkGBaQYVhAhmEBGYYFZBgWkGFYQIZhARmGBWQYFpBhWECGYQEZhgVkGBaQYVhAhmEBGYYFZBgWkGFYQIZhARmGBWQYFpBhWECGYQEZhgVkGBaQYVhAhmEBGYYFZBgWkGFYQIZhARmGBWQYFpBhWECGYQEZhgVkGBaQYVhAhmEBGYYFZBgWkGFYQIZhARmGBWQYFpBhWECGYQEZhgVkGBaQYVhAhmEBGYYFZBgWkGFYQIZhARmGBWQYFpBhWECGYQEZhgVkGBaQYVhAhmEBGYYFZBgWkGFYQIZhARmGBWQYFpBhWECGYQEZhgVkGBaQYVhAhmEBGYYFZBgWkGFYQIZhARmGBWQYFpBhWECGYQEZhgVkGBaQYVhAhmEBGYYFZBgWkGFYQIZhARmGBWQYFpBhWECGYQEZhgVkGBaQYVhAhmEBGYYFZBgWkGFYQIZhARmGBWQYFpBhWECGYQEZhgVkGBaQYVhAhmEBGYYFZBgWkGFYQIZhARmGBWQYFpBhWECGYQEZhgVkGBaQYVhAhmEBGYYFZBgWkGFYQIZhARmGBWQYFpBhWECGYQEZhgVkGBaQYVhAhmEBGYYFZBgWkGFYQIZhARmGBWQYFpBhWECGYQEZhgVkGBaQYVhAxgUj9gZUU/j5FgAAAABJRU5ErkJggg=="`;
