// Jest Snapshot v1, https://goo.gl/fbAQLP

exports[`tool & controller integration draw on canvas through mouse events 1`] = `"data:image/png;base64,iVBORw0KGgoAAAANSUhEUgAAASwAAAEsCAYAAAB5fY51AAAABmJLR0QA/wD/AP+gvaeTAAAKK0lEQVR4nO3bO4+cVx3H8XNm1pIRDW+ABttrO6FOwatw4YaLFaUISCFRSiRAKSgoUiAlIZEgRRSciMZF8ioQPYq9DqGhQaKhQQmyZw5F9ji+7GUuz/Oc85zz+XQreUf/lWZ+/s6OHQIAAAAAAAAAAAAAAAAAAAAAAAAAAAAAAAAAAAAAAAAAAAAAAAAAAAAAAAAAAAAAAAAAAAAAAAAAAAAAAAA8KZY+gHZcf+uDKw8vXHg5hXg9hBBiSHcPHjx4/+7rL31e+jbaYLDY2+E7d66l5VefpJSuPvuUSiHGeBRXF2/cf+3mvSIH0gyDxV4u/eH2jbiKd0IKyzP/YAyrtEw3v/jZrU8mOo0GGSx2dvjOnWvr5Vd/O3esshhWi9XF7ystdrUofQDztV7879ONxyqEEFJYrhZffjriSTTOYLGTw7c/fCGE9eG23xdDPPz6e2F7BoudpOXizV1/o7A+WLw58Dl0wu+w2Nqld29fjiEehd3/wlsvY3ru6JVbR0PeRfsUFluLMb4R9nvuLFZp8cuh7qEfCoutfO/3Hx4u4vKzkMJyz2fPap1Wz/3j1RfvD3QaHVBYbGWxWP46hDxWaZ+HWh4/FmxMYbGxR3UVtvinDGdTWWxFYbGxR3U1nOUiHvxqwMejcQqLjRx/Mng3hHAw8EOvljE97xNDNqGw2MjxJ4NDj1UIISx9YsimFBbnGrGuMpXFRhQW5xqxrjKVxUYUFmeaoK4ylcW5FBZnmqCuMpXFuRQWp5qwrjKVxZkUFqeasK4ylcWZFBYnKlBXmcriVAqLExWoq0xlcSqFxTMK1lWmsjiRwuIZA9TVKoW02uP7VRYnUlg8YZi6in8KMcWQwq09TlFZPENh8YQh6moZ179NKf0mhPBwj8dRWTzDYPHIpXdvXw4p/HC/R4kfH71y6+iLn9/6e4jhz/s9Vvrx1fduX93vMWiJweKRoeoqf6GyGJrBIoQwbF3lr1QWQzNYhBCGr6tMZTEkg8UodZWpLIZksBitrjKVxVAMVufGrKtMZTEUg9W5sesqU1kMwWB1bIq6ylQWQzBYHZuqrjKVxb4MVqemrKtMZbEvg9WpqesqU1nsw2B1qERdZSqLfRisDpWqq0xlsSuD1ZmSdZWpLHZlsDpTuq4ylcUuDFZHaqirTGWxC4PVkVrqKlNZbMtgdaKmuspUFtsyWJ2ora4ylcU2DFYHaqyrTGWxDYPVgVrrKlNZbMpgNa7muspUFpsyWI2rva4ylcUmDFbD5lBXmcpiEwarYXOpq0xlcR6D1ag51VWmsjiPwWrU3OoqU1mcxWA1aI51lakszmKwGjTXuspUFqcxWI2Zc11lKovTGKzGzL2uMpXFSQxWQ1qoq0xlcRKD1ZBW6ipTWTzNYDWipbrKVBZPM1iNaK2uMpXF4wxWA1qsq0xl8TiD1YBW6ypTWWQGa+ZarqtMZZEZrJlrva4ylUUIBmvWeqirTGURgsGatV7qKlNZGKyZ6qmuMpWFwZqp3uoqU1l9M1gz1GNdZSqrbwZrhnqtq0xl9ctgzUzPdZWprH4ZrJnpva4yldUngzUj6uobKqtPBmtG1NWTVFZ/DNZMqKtnqaz+GKyZUFcnU1l9MVgzoK5Op7L6YrBmQF2dTWX1w2BVTl2dT2X1w2BVTl1tRmX1wWBVTF1tTmX1wWBVTF1tR2W1z2BVSl1tT2W1z2BVSl3tRmW1zWBVSF3tTmW1zWBVSF3tR2W1y2BVRl3tT2W1y2BVRl0NQ2W1yWBVRF0NR2W1yWBVRF0NS2W1x2BVQl0NT2W1x2BVQl2NQ2W1xWBVQF2NR2W1xWBVQF2NS2W1w2AVpq7Gp7LaYbAKU1fTUFltMFgFqavpqKw2GKyC1NW0VNb8GaxC1NX0VNb8GaxC1FUZKmveDFYB6qoclTVvBqsAdVWWypovgzUxdVWeypovgzUxdVUHlTVPBmtC6qoeKmueDNaE1FVdVNb8GKyJqKv6qKz5MVgTUVd1UlnzYrAmoK7qpbLmxWBNQF3VTWXNh8Eambqqn8qaD4M1MnU1DyprHgzWiNTVfKiseTBYI1JX86Ky6mewRqKu5kdl1c9gjURdzZPKqpvBGoG6mi+VVTeDNQJ1NW8qq14Ga2Dqav5UVr0M1sDUVRtUVp0M1oDUVTtUVp0M1oDUVVtUVn0M1kDUVXtUVn0M1kDUVZtUVl0M1gDUVbtUVl0M1gDUVdtUVj0M1p7UVftUVj0M1p7UVR9UVh0M1h7UVT9UVh0M1h7UVV9UVnkGa0fqqj8qqzyDtSN11SeVVZbB2oG66pfKKstg7UBd9U1llWOwtqSuUFnlGKwtqStCUFmlGKwtqCsylVWGwdqCuuJxKmt6BmtD6oqnqazpGawNqStOorKmZbA2oK44jcqalsHagLriLCprOgbrHOqK86is6Risc6grNqGypmGwzqCu2JTKmobBOoO6Yhsqa3wG6xTqim2prPEZrFOoK3ahssZlsE6grtiVyhqXwTqBumIfKms8Busp6op9qazxGKynqCuGoLLGYbAeo64Yisoah8F6jLpiSCpreAbrmLpiaCpreAbrmLpiDCprWAYrqCvGo7KGZbCCumJcKms43Q+WumJsKms43Q+WumIKKmsYXQ+WumIqKmsYXQ+WumJKKmt/3Q6WumJqKmt/3Q6WuqIElbWfLgdLXVGKytpPl4OlrihJZe2uu8FSV5SmsnbX3WCpK2qgsnbT1WCpK2qhsnbT1WCpK2qisrbXzWCpK2qjsrbXzWCpK2qksrbTxWCpK2qlsrbTxWCpK2qmsjbX/GCpK2qnsjbX/GCpK+ZAZW2m6cFSV8yFytrMPuVRvRjjGyHt9TOuQ0j/vvzex78Y7Cg4RQzpXymEddg9JHJlvTjgWVWJpQ8Yy6V3b1+OYXE3hHQQQgoN/6gQvnmOx9Uyrp9v9V1Bs28JYwy/+3qsQjBWtC8/x9NyFeKbRU8ZUZOv5MO3P35hvUx/LX0HlHKQFj+49+qP/lL6jqE1WVjrZfqo9A1Q0sO4/rD0DWNobrCuv/XBlRDSldJ3QFnpytevhbY0N1gPFwc/bfSdLmwhHr8W2tLcYKXl4vnSN0AVFovnSp8wtOYGK6aQSt8AdUjNvRaaG6ywXn9W+gSowjrdLX3C0JobrIP1wz8GkUX30vFroS1N/nb6ynsf3UspNP1/quAsMYajz1/5ybXSdwytucIKIYS4ungjxLAqfQcUEcMqri7eKH3GGJocrPuv3byXlumm0aI7MazSMt28/9rNe6VPGUOTbwmzw3fuXEvLrz5JKV1t/EeleynEGI/i6uKNVscqhE5exdff+uDKwwsXXk4hXk8pfXuRwn/WIfwzhvRl6dtgWynEby1C+O46hu/EGP8bQ7p78ODB+3dff+nz0rcBAAAAAAAAAAAAAAAAAAAAAAAAAAAAAAAAAAAAAAAAAAAAAAAAAAAAAAAAAAAAAAAAAAAAAAAAAAAAAADA1P4PSDLCo1HUi/sAAAAASUVORK5CYII="`;

exports[`tool & controller integration draw on canvas through touch events 1`] = `"data:image/png;base64,iVBORw0KGgoAAAANSUhEUgAAASwAAAEsCAYAAAB5fY51AAAABmJLR0QA/wD/AP+gvaeTAAAKK0lEQVR4nO3bO4+cVx3H8XNm1pIRDW+ABttrO6FOwatw4YaLFaUISCFRSiRAKSgoUiAlIZEgRRSciMZF8ioQPYq9DqGhQaKhQQmyZw5F9ji+7GUuz/Oc85zz+XQreUf/lWZ+/s6OHQIAAAAAAAAAAAAAAAAAAAAAAAAAAAAAAAAAAAAAAAAAAAAAAAAAAAAAAAAAAAAAAAAAAAAAAAAAAAAAAAA8KZY+gHZcf+uDKw8vXHg5hXg9hBBiSHcPHjx4/+7rL31e+jbaYLDY2+E7d66l5VefpJSuPvuUSiHGeBRXF2/cf+3mvSIH0gyDxV4u/eH2jbiKd0IKyzP/YAyrtEw3v/jZrU8mOo0GGSx2dvjOnWvr5Vd/O3esshhWi9XF7ystdrUofQDztV7879ONxyqEEFJYrhZffjriSTTOYLGTw7c/fCGE9eG23xdDPPz6e2F7BoudpOXizV1/o7A+WLw58Dl0wu+w2Nqld29fjiEehd3/wlsvY3ru6JVbR0PeRfsUFluLMb4R9nvuLFZp8cuh7qEfCoutfO/3Hx4u4vKzkMJyz2fPap1Wz/3j1RfvD3QaHVBYbGWxWP46hDxWaZ+HWh4/FmxMYbGxR3UVtvinDGdTWWxFYbGxR3U1nOUiHvxqwMejcQqLjRx/Mng3hHAw8EOvljE97xNDNqGw2MjxJ4NDj1UIISx9YsimFBbnGrGuMpXFRhQW5xqxrjKVxUYUFmeaoK4ylcW5FBZnmqCuMpXFuRQWp5qwrjKVxZkUFqeasK4ylcWZFBYnKlBXmcriVAqLExWoq0xlcSqFxTMK1lWmsjiRwuIZA9TVKoW02uP7VRYnUlg8YZi6in8KMcWQwq09TlFZPENh8YQh6moZ179NKf0mhPBwj8dRWTzDYPHIpXdvXw4p/HC/R4kfH71y6+iLn9/6e4jhz/s9Vvrx1fduX93vMWiJweKRoeoqf6GyGJrBIoQwbF3lr1QWQzNYhBCGr6tMZTEkg8UodZWpLIZksBitrjKVxVAMVufGrKtMZTEUg9W5sesqU1kMwWB1bIq6ylQWQzBYHZuqrjKVxb4MVqemrKtMZbEvg9WpqesqU1nsw2B1qERdZSqLfRisDpWqq0xlsSuD1ZmSdZWpLHZlsDpTuq4ylcUuDFZHaqirTGWxC4PVkVrqKlNZbMtgdaKmuspUFtsyWJ2ora4ylcU2DFYHaqyrTGWxDYPVgVrrKlNZbMpgNa7muspUFpsyWI2rva4ylcUmDFbD5lBXmcpiEwarYXOpq0xlcR6D1ag51VWmsjiPwWrU3OoqU1mcxWA1aI51lakszmKwGjTXuspUFqcxWI2Zc11lKovTGKzGzL2uMpXFSQxWQ1qoq0xlcRKD1ZBW6ipTWTzNYDWipbrKVBZPM1iNaK2uMpXF4wxWA1qsq0xl8TiD1YBW6ypTWWQGa+ZarqtMZZEZrJlrva4ylUUIBmvWeqirTGURgsGatV7qKlNZGKyZ6qmuMpWFwZqp3uoqU1l9M1gz1GNdZSqrbwZrhnqtq0xl9ctgzUzPdZWprH4ZrJnpva4yldUngzUj6uobKqtPBmtG1NWTVFZ/DNZMqKtnqaz+GKyZUFcnU1l9MVgzoK5Op7L6YrBmQF2dTWX1w2BVTl2dT2X1w2BVTl1tRmX1wWBVTF1tTmX1wWBVTF1tR2W1z2BVSl1tT2W1z2BVSl3tRmW1zWBVSF3tTmW1zWBVSF3tR2W1y2BVRl3tT2W1y2BVRl0NQ2W1yWBVRF0NR2W1yWBVRF0NS2W1x2BVQl0NT2W1x2BVQl2NQ2W1xWBVQF2NR2W1xWBVQF2NS2W1w2AVpq7Gp7LaYbAKU1fTUFltMFgFqavpqKw2GKyC1NW0VNb8GaxC1NX0VNb8GaxC1FUZKmveDFYB6qoclTVvBqsAdVWWypovgzUxdVWeypovgzUxdVUHlTVPBmtC6qoeKmueDNaE1FVdVNb8GKyJqKv6qKz5MVgTUVd1UlnzYrAmoK7qpbLmxWBNQF3VTWXNh8Eambqqn8qaD4M1MnU1DyprHgzWiNTVfKiseTBYI1JX86Ky6mewRqKu5kdl1c9gjURdzZPKqpvBGoG6mi+VVTeDNQJ1NW8qq14Ga2Dqav5UVr0M1sDUVRtUVp0M1oDUVTtUVp0M1oDUVVtUVn0M1kDUVXtUVn0M1kDUVZtUVl0M1gDUVbtUVl0M1gDUVdtUVj0M1p7UVftUVj0M1p7UVR9UVh0M1h7UVT9UVh0M1h7UVV9UVnkGa0fqqj8qqzyDtSN11SeVVZbB2oG66pfKKstg7UBd9U1llWOwtqSuUFnlGKwtqStCUFmlGKwtqCsylVWGwdqCuuJxKmt6BmtD6oqnqazpGawNqStOorKmZbA2oK44jcqalsHagLriLCprOgbrHOqK86is6Risc6grNqGypmGwzqCu2JTKmobBOoO6Yhsqa3wG6xTqim2prPEZrFOoK3ahssZlsE6grtiVyhqXwTqBumIfKms8Busp6op9qazxGKynqCuGoLLGYbAeo64Yisoah8F6jLpiSCpreAbrmLpiaCpreAbrmLpiDCprWAYrqCvGo7KGZbCCumJcKms43Q+WumJsKms43Q+WumIKKmsYXQ+WumIqKmsYXQ+WumJKKmt/3Q6WumJqKmt/3Q6WuqIElbWfLgdLXVGKytpPl4OlrihJZe2uu8FSV5SmsnbX3WCpK2qgsnbT1WCpK2qhsnbT1WCpK2qisrbXzWCpK2qjsrbXzWCpK2qksrbTxWCpK2qlsrbTxWCpK2qmsjbX/GCpK2qnsjbX/GCpK+ZAZW2m6cFSV8yFytrMPuVRvRjjGyHt9TOuQ0j/vvzex78Y7Cg4RQzpXymEddg9JHJlvTjgWVWJpQ8Yy6V3b1+OYXE3hHQQQgoN/6gQvnmOx9Uyrp9v9V1Bs28JYwy/+3qsQjBWtC8/x9NyFeKbRU8ZUZOv5MO3P35hvUx/LX0HlHKQFj+49+qP/lL6jqE1WVjrZfqo9A1Q0sO4/rD0DWNobrCuv/XBlRDSldJ3QFnpytevhbY0N1gPFwc/bfSdLmwhHr8W2tLcYKXl4vnSN0AVFovnSp8wtOYGK6aQSt8AdUjNvRaaG6ywXn9W+gSowjrdLX3C0JobrIP1wz8GkUX30vFroS1N/nb6ynsf3UspNP1/quAsMYajz1/5ybXSdwytucIKIYS4ungjxLAqfQcUEcMqri7eKH3GGJocrPuv3byXlumm0aI7MazSMt28/9rNe6VPGUOTbwmzw3fuXEvLrz5JKV1t/EeleynEGI/i6uKNVscqhE5exdff+uDKwwsXXk4hXk8pfXuRwn/WIfwzhvRl6dtgWynEby1C+O46hu/EGP8bQ7p78ODB+3dff+nz0rcBAAAAAAAAAAAAAAAAAAAAAAAAAAAAAAAAAAAAAAAAAAAAAAAAAAAAAAAAAAAAAAAAAAAAAAAAAAAAAADA1P4PSDLCo1HUi/sAAAAASUVORK5CYII="`;
